[debug] [2026-08-16T19:17:44.534Z] ----------------------------------------------------------------------
[debug] [2026-08-16T19:17:44.536Z] Command:       C:\Program Files\nodejs\node.exe C:\Users\mikec\AppData\Roaming\npm\node_modules\firebase-tools\lib\bin\firebase.js apps:list WEB --project bauer-baseball
[debug] [2026-08-16T19:17:44.536Z] CLI Version:   15.7.0
[debug] [2026-08-16T19:17:44.536Z] Platform:      win32
[debug] [2026-08-16T19:17:44.537Z] Node Version:  v24.12.0
[debug] [2026-08-16T19:17:44.537Z] Time:          Sun Aug 16 2026 15:17:44 GMT-0400 (Eastern Daylight Time)
[debug] [2026-08-16T19:17:44.537Z] ----------------------------------------------------------------------
[debug] 
[debug] [2026-08-16T19:17:44.699Z] > command requires scopes: ["email","openid","https://www.googleapis.com/auth/cloudplatformprojects.readonly","https://www.googleapis.com/auth/firebase","https://www.googleapis.com/auth/cloud-platform"]
[debug] [2026-08-16T19:17:44.700Z] > authorizing via signed-in user (mikecbauervision@gmail.com)
[debug] [2026-08-16T19:17:44.703Z] Checked if tokens are valid: true, expires at: 1786909069248
[debug] [2026-08-16T19:17:44.703Z] Checked if tokens are valid: true, expires at: 1786909069248
[debug] [2026-08-16T19:17:44.704Z] >>> [apiv2][query] GET https://firebase.googleapis.com/v1beta1/projects/bauer-baseball/webApps pageSize=100
[debug] [2026-08-16T19:17:45.138Z] <<< [apiv2][status] GET https://firebase.googleapis.com/v1beta1/projects/bauer-baseball/webApps 403
[debug] [2026-08-16T19:17:45.138Z] <<< [apiv2][body] GET https://firebase.googleapis.com/v1beta1/projects/bauer-baseball/webApps {"error":{"code":403,"message":"The caller does not have permission","status":"PERMISSION_DENIED"}}
[debug] [2026-08-16T19:17:45.138Z] Request to https://firebase.googleapis.com/v1beta1/projects/bauer-baseball/webApps?pageSize=100 had HTTP Error: 403, The caller does not have permission
[debug] [2026-08-16T19:17:45.141Z] FirebaseError: Request to https://firebase.googleapis.com/v1beta1/projects/bauer-baseball/webApps?pageSize=100 had HTTP Error: 403, The caller does not have permission
    at responseToError (C:\Users\mikec\AppData\Roaming\npm\node_modules\firebase-tools\lib\responseToError.js:53:12)
    at RetryOperation._fn (C:\Users\mikec\AppData\Roaming\npm\node_modules\firebase-tools\lib\apiv2.js:330:77)
    at process.processTicksAndRejections (node:internal/process/task_queues:103:5)
[error] 
[error] Error: Failed to list Firebase WEB apps. See firebase-debug.log for more info.
